Could not find the file: /Users/xinyu/fa20-proj3-akxf/tests/part_b/custom/inputs/cpu-simple_stores.s
