Could not find the file: /Users/anvithak/Downloads/cs61c/fa20-proj3-akxf/tests/part_b/custom/inputs/simple_lw_offset_pos.s
